{
  "version": "1.5.0",
  "plugins_used": [
    {
      "name": "ArtifactoryDetector"
    },
    {
      "name": "AWSKeyDetector"
    },
    {
      "name": "AzureStorageKeyDetector"
    },
    {
      "name": "Base64HighEntropyString",
      "limit": 4.5
    },
    {
      "name": "BasicAuthDetector"
    },
    {
      "name": "CloudantDetector"
    },
    {
      "name": "DiscordBotTokenDetector"
    },
    {
      "name": "GitHubTokenDetector"
    },
    {
      "name": "GitLabTokenDetector"
    },
    {
      "name": "HexHighEntropyString",
      "limit": 3.0
    },
    {
      "name": "IbmCloudIamDetector"
    },
    {
      "name": "IbmCosHmacDetector"
    },
    {
      "name": "IPPublicDetector"
    },
    {
      "name": "JwtTokenDetector"
    },
    {
      "name": "KeywordDetector",
      "keyword_exclude": ""
    },
    {
      "name": "MailchimpDetector"
    },
    {
      "name": "NpmDetector"
    },
    {
      "name": "OpenAIDetector"
    },
    {
      "name": "PrivateKeyDetector"
    },
    {
      "name": "PypiTokenDetector"
    },
    {
      "name": "SendGridDetector"
    },
    {
      "name": "SlackDetector"
    },
    {
      "name": "SoftlayerDetector"
    },
    {
      "name": "SquareOAuthDetector"
    },
    {
      "name": "StripeDetector"
    },
    {
      "name": "TelegramBotTokenDetector"
    },
    {
      "name": "TwilioKeyDetector"
    }
  ],
  "filters_used": [
    {
      "path": "detect_secrets.filters.allowlist.is_line_allowlisted"
    },
    {
      "path": "detect_secrets.filters.common.is_ignored_due_to_verification_policies",
      "min_level": 2
    },
    {
      "path": "detect_secrets.filters.heuristic.is_indirect_reference"
    },
    {
      "path": "detect_secrets.filters.heuristic.is_likely_id_string"
    },
    {
      "path": "detect_secrets.filters.heuristic.is_lock_file"
    },
    {
      "path": "detect_secrets.filters.heuristic.is_not_alphanumeric_string"
    },
    {
      "path": "detect_secrets.filters.heuristic.is_potential_uuid"
    },
    {
      "path": "detect_secrets.filters.heuristic.is_prefixed_with_dollar_sign"
    },
    {
      "path": "detect_secrets.filters.heuristic.is_sequential_string"
    },
    {
      "path": "detect_secrets.filters.heuristic.is_swagger_file"
    },
    {
      "path": "detect_secrets.filters.heuristic.is_templated_secret"
    }
  ],
  "results": {
    ".env.example": [
      {
        "type": "Basic Auth Credentials",
        "filename": ".env.example",
        "hashed_secret": "9d4e1e23bd5b727046a9e3b4b7db57bd8d6ee684",
        "is_verified": false,
        "line_number": 29
      },
      {
        "type": "Secret Keyword",
        "filename": ".env.example",
        "hashed_secret": "bc565f6e909ec7d3c18e2ff5d9eeb2300ff20b7f",
        "is_verified": false,
        "line_number": 42
      }
    ],
    ".secrets.baseline": [
      {
        "type": "Hex High Entropy String",
        "filename": ".secrets.baseline",
        "hashed_secret": "300ac668c782c666a9de0f2ccb59cea082255b5d",
        "is_verified": false,
        "line_number": 136
      },
      {
        "type": "Secret Keyword",
        "filename": ".secrets.baseline",
        "hashed_secret": "300ac668c782c666a9de0f2ccb59cea082255b5d",
        "is_verified": false,
        "line_number": 136
      },
      {
        "type": "Hex High Entropy String",
        "filename": ".secrets.baseline",
        "hashed_secret": "05373a350e57fe9cc76a9029893db53bbde81f3e",
        "is_verified": false,
        "line_number": 143
      },
      {
        "type": "Secret Keyword",
        "filename": ".secrets.baseline",
        "hashed_secret": "05373a350e57fe9cc76a9029893db53bbde81f3e",
        "is_verified": false,
        "line_number": 143
      },
      {
        "type": "Hex High Entropy String",
        "filename": ".secrets.baseline",
        "hashed_secret": "2dcacc9e856178a8b3eaafadf76c49d0d1f50197",
        "is_verified": false,
        "line_number": 152
      },
      {
        "type": "Secret Keyword",
        "filename": ".secrets.baseline",
        "hashed_secret": "2dcacc9e856178a8b3eaafadf76c49d0d1f50197",
        "is_verified": false,
        "line_number": 152
      },
      {
        "type": "Hex High Entropy String",
        "filename": ".secrets.baseline",
        "hashed_secret": "505dd43cf035310cd0d5adcc561fc3f26b86bcfa",
        "is_verified": false,
        "line_number": 161
      },
      {
        "type": "Secret Keyword",
        "filename": ".secrets.baseline",
        "hashed_secret": "505dd43cf035310cd0d5adcc561fc3f26b86bcfa",
        "is_verified": false,
        "line_number": 161
      },
      {
        "type": "Hex High Entropy String",
        "filename": ".secrets.baseline",
        "hashed_secret": "604f40adfdca8e5167a4021406c005ff7e9187d1",
        "is_verified": false,
        "line_number": 170
      },
      {
        "type": "Secret Keyword",
        "filename": ".secrets.baseline",
        "hashed_secret": "604f40adfdca8e5167a4021406c005ff7e9187d1",
        "is_verified": false,
        "line_number": 170
      },
      {
        "type": "Hex High Entropy String",
        "filename": ".secrets.baseline",
        "hashed_secret": "29c6ead6229c5cd064f3f0765a8a226bcade9821",
        "is_verified": false,
        "line_number": 179
      },
      {
        "type": "Secret Keyword",
        "filename": ".secrets.baseline",
        "hashed_secret": "29c6ead6229c5cd064f3f0765a8a226bcade9821",
        "is_verified": false,
        "line_number": 179
      },
      {
        "type": "Hex High Entropy String",
        "filename": ".secrets.baseline",
        "hashed_secret": "5716bb417806e0a64ecf3f9d5804badb8a2ac27a",
        "is_verified": false,
        "line_number": 211
      },
      {
        "type": "Secret Keyword",
        "filename": ".secrets.baseline",
        "hashed_secret": "5716bb417806e0a64ecf3f9d5804badb8a2ac27a",
        "is_verified": false,
        "line_number": 211
      },
      {
        "type": "Hex High Entropy String",
        "filename": ".secrets.baseline",
        "hashed_secret": "1ad9a77d6b9bd2d6d00af9893626315bc7023045",
        "is_verified": false,
        "line_number": 229
      },
      {
        "type": "Secret Keyword",
        "filename": ".secrets.baseline",
        "hashed_secret": "1ad9a77d6b9bd2d6d00af9893626315bc7023045",
        "is_verified": false,
        "line_number": 229
      },
      {
        "type": "Hex High Entropy String",
        "filename": ".secrets.baseline",
        "hashed_secret": "40d27d2d7f163f02fd19aedb2f1e9c01f7cc72f8",
        "is_verified": false,
        "line_number": 238
      },
      {
        "type": "Secret Keyword",
        "filename": ".secrets.baseline",
        "hashed_secret": "40d27d2d7f163f02fd19aedb2f1e9c01f7cc72f8",
        "is_verified": false,
        "line_number": 238
      },
      {
        "type": "Hex High Entropy String",
        "filename": ".secrets.baseline",
        "hashed_secret": "99b420e35b50414eb67766a24485f37aeeb77087",
        "is_verified": false,
        "line_number": 247
      },
      {
        "type": "Secret Keyword",
        "filename": ".secrets.baseline",
        "hashed_secret": "99b420e35b50414eb67766a24485f37aeeb77087",
        "is_verified": false,
        "line_number": 247
      },
      {
        "type": "Hex High Entropy String",
        "filename": ".secrets.baseline",
        "hashed_secret": "f288f3629337a8733463117209dd529745e39734",
        "is_verified": false,
        "line_number": 274
      },
      {
        "type": "Secret Keyword",
        "filename": ".secrets.baseline",
        "hashed_secret": "f288f3629337a8733463117209dd529745e39734",
        "is_verified": false,
        "line_number": 274
      },
      {
        "type": "Hex High Entropy String",
        "filename": ".secrets.baseline",
        "hashed_secret": "10e473f0fb391214f0734f4c15054fe61bcf32bd",
        "is_verified": false,
        "line_number": 283
      },
      {
        "type": "Secret Keyword",
        "filename": ".secrets.baseline",
        "hashed_secret": "10e473f0fb391214f0734f4c15054fe61bcf32bd",
        "is_verified": false,
        "line_number": 283
      },
      {
        "type": "Hex High Entropy String",
        "filename": ".secrets.baseline",
        "hashed_secret": "6b395cf14fa851bcd3ae684ef975b4d729104221",
        "is_verified": false,
        "line_number": 290
      },
      {
        "type": "Secret Keyword",
        "filename": ".secrets.baseline",
        "hashed_secret": "6b395cf14fa851bcd3ae684ef975b4d729104221",
        "is_verified": false,
        "line_number": 290
      },
      {
        "type": "Hex High Entropy String",
        "filename": ".secrets.baseline",
        "hashed_secret": "226d673c29ebfc87a9b625c070197c6336f50032",
        "is_verified": false,
        "line_number": 299
      },
      {
        "type": "Secret Keyword",
        "filename": ".secrets.baseline",
        "hashed_secret": "226d673c29ebfc87a9b625c070197c6336f50032",
        "is_verified": false,
        "line_number": 299
      },
      {
        "type": "Hex High Entropy String",
        "filename": ".secrets.baseline",
        "hashed_secret": "7a6700b5c4bfaea50c9b38b8c304f7c717ad70a8",
        "is_verified": false,
        "line_number": 308
      },
      {
        "type": "Secret Keyword",
        "filename": ".secrets.baseline",
        "hashed_secret": "7a6700b5c4bfaea50c9b38b8c304f7c717ad70a8",
        "is_verified": false,
        "line_number": 308
      },
      {
        "type": "Hex High Entropy String",
        "filename": ".secrets.baseline",
        "hashed_secret": "8d1e4f5888895e9f5df12404d016f885c42fad0b",
        "is_verified": false,
        "line_number": 322
      },
      {
        "type": "Secret Keyword",
        "filename": ".secrets.baseline",
        "hashed_secret": "8d1e4f5888895e9f5df12404d016f885c42fad0b",
        "is_verified": false,
        "line_number": 322
      }
    ],
    "docs/00_plan.md": [
      {
        "type": "Secret Keyword",
        "filename": "docs/00_plan.md",
        "hashed_secret": "e00ebda200c0f3dc5f4db4c91191f6dcca06709e",
        "is_verified": false,
        "line_number": 525
      }
    ],
    "src/ragent/utility/id_gen.py": [
      {
        "type": "Base64 High Entropy String",
        "filename": "src/ragent/utility/id_gen.py",
        "hashed_secret": "3ea6cf17f95e272933a3b927317b7210d1bac5d5",
        "is_verified": false,
        "line_number": 6
      }
    ],
    "tests/conftest.py": [
      {
        "type": "Secret Keyword",
        "filename": "tests/conftest.py",
        "hashed_secret": "06ed3fd32d9ce2ca9902c8a3f32e3d584f28ff58",
        "is_verified": false,
        "line_number": 386
      },
      {
        "type": "Basic Auth Credentials",
        "filename": "tests/conftest.py",
        "hashed_secret": "06ed3fd32d9ce2ca9902c8a3f32e3d584f28ff58",
        "is_verified": false,
        "line_number": 396
      },
      {
        "type": "Secret Keyword",
        "filename": "tests/conftest.py",
        "hashed_secret": "bc565f6e909ec7d3c18e2ff5d9eeb2300ff20b7f",
        "is_verified": false,
        "line_number": 508
      }
    ],
    "tests/e2e/conftest.py": [
      {
        "type": "Secret Keyword",
        "filename": "tests/e2e/conftest.py",
        "hashed_secret": "bc565f6e909ec7d3c18e2ff5d9eeb2300ff20b7f",
        "is_verified": false,
        "line_number": 47
      }
    ],
    "tests/integration/test_feedback_loop.py": [
      {
        "type": "Secret Keyword",
        "filename": "tests/integration/test_feedback_loop.py",
        "hashed_secret": "d228c626903b6d0c4d4adfd07ee4ed34d11aeca1",
        "is_verified": false,
        "line_number": 26
      }
    ],
    "tests/integration/test_health_endpoints.py": [
      {
        "type": "Secret Keyword",
        "filename": "tests/integration/test_health_endpoints.py",
        "hashed_secret": "bc565f6e909ec7d3c18e2ff5d9eeb2300ff20b7f",
        "is_verified": false,
        "line_number": 51
      }
    ],
    "tests/unit/mcp_hub/test_error_handling.py": [
      {
        "type": "Secret Keyword",
        "filename": "tests/unit/mcp_hub/test_error_handling.py",
        "hashed_secret": "f3bbbd66a63d4bf1747940578ec3d0103530e21d",
        "is_verified": false,
        "line_number": 111
      }
    ],
    "tests/unit/test_chat_router_feedback_token.py": [
      {
        "type": "Secret Keyword",
        "filename": "tests/unit/test_chat_router_feedback_token.py",
        "hashed_secret": "fe1bae27cb7c1fb823f496f286e78f1d2ae87734",
        "is_verified": false,
        "line_number": 16
      }
    ],
    "tests/unit/test_chunks_index_env_audit.py": [
      {
        "type": "Secret Keyword",
        "filename": "tests/unit/test_chunks_index_env_audit.py",
        "hashed_secret": "766a6e8998aefe2117d62c2d48411e43161ffa11",
        "is_verified": false,
        "line_number": 54
      }
    ],
    "tests/unit/test_composition_minio_wiring.py": [
      {
        "type": "Secret Keyword",
        "filename": "tests/unit/test_composition_minio_wiring.py",
        "hashed_secret": "766a6e8998aefe2117d62c2d48411e43161ffa11",
        "is_verified": false,
        "line_number": 55
      }
    ],
    "tests/unit/test_engine_pool_config.py": [
      {
        "type": "Secret Keyword",
        "filename": "tests/unit/test_engine_pool_config.py",
        "hashed_secret": "766a6e8998aefe2117d62c2d48411e43161ffa11",
        "is_verified": false,
        "line_number": 38
      }
    ],
    "tests/unit/test_feedback_router.py": [
      {
        "type": "Secret Keyword",
        "filename": "tests/unit/test_feedback_router.py",
        "hashed_secret": "d1acc1473b1138b2c8b4f933ee99d9b45f7af103",
        "is_verified": false,
        "line_number": 22
      }
    ],
    "tests/unit/test_feedback_token.py": [
      {
        "type": "Secret Keyword",
        "filename": "tests/unit/test_feedback_token.py",
        "hashed_secret": "f963f44f5e758aab3128cacd7ce2804b7d360d4f",
        "is_verified": false,
        "line_number": 23
      },
      {
        "type": "Hex High Entropy String",
        "filename": "tests/unit/test_feedback_token.py",
        "hashed_secret": "90bd1b48e958257948487b90bee080ba5ed00caa",
        "is_verified": false,
        "line_number": 27
      }
    ],
    "tests/unit/test_http_error_logging.py": [
      {
        "type": "Secret Keyword",
        "filename": "tests/unit/test_http_error_logging.py",
        "hashed_secret": "9c8a161f223d5702a6e9d7bbd9ea1ff95bca3ea4",
        "is_verified": false,
        "line_number": 179
      }
    ],
    "tests/unit/test_init_schema.py": [
      {
        "type": "Secret Keyword",
        "filename": "tests/unit/test_init_schema.py",
        "hashed_secret": "61ba747fe2f5b3d513c40550084c6284fbbc1094",
        "is_verified": false,
        "line_number": 451
      },
      {
        "type": "Secret Keyword",
        "filename": "tests/unit/test_init_schema.py",
        "hashed_secret": "9d4e1e23bd5b727046a9e3b4b7db57bd8d6ee684",
        "is_verified": false,
        "line_number": 457
      },
      {
        "type": "Secret Keyword",
        "filename": "tests/unit/test_init_schema.py",
        "hashed_secret": "a62f2225bf70bfaccbc7f1ef2a397836717377de",
        "is_verified": false,
        "line_number": 465
      }
    ],
    "tests/unit/test_minio_get_object_size.py": [
      {
        "type": "Secret Keyword",
        "filename": "tests/unit/test_minio_get_object_size.py",
        "hashed_secret": "766a6e8998aefe2117d62c2d48411e43161ffa11",
        "is_verified": false,
        "line_number": 18
      }
    ],
    "tests/unit/test_minio_site_registry.py": [
      {
        "type": "Secret Keyword",
        "filename": "tests/unit/test_minio_site_registry.py",
        "hashed_secret": "766a6e8998aefe2117d62c2d48411e43161ffa11",
        "is_verified": false,
        "line_number": 22
      }
    ]
  },
  "generated_at": "2026-05-22T10:12:16Z"
}
